// Jest Snapshot v1, https://goo.gl/fbAQLP

exports[`Layout renders correctly 1`] = `
<div
  style={
    Object {
      "margin": "3rem auto",
      "maxWidth": 650,
      "padding": "0 1rem",
    }
  }
>
  &lt;h1&gt;Hello&lt;/h1&gt;
</div>
`;
